// Jest Snapshot v1, https://goo.gl/fbAQLP

exports[`Cart tests matches the snapshot 1`] = `
<Cart>
  <main>
    <Navbar>
      <nav
        className="cart-nav"
      >
        <div
          className="cart-nav-center"
        >
          <h3>
            useReducer
          </h3>
          <div
            className="cart-nav-container"
          >
            <svg
              viewBox="0 0 20 20"
              xmlns="http://www.w3.org/2000/svg"
            >
              <path
                d="M16 6v2h2l2 12H0L2 8h2V6a6 6 0 1 1 12 0zm-2 0a4 4 0 1 0-8 0v2h8V6zM4 10v2h2v-2H4zm10 0v2h2v-2h-2z"
              />
            </svg>
            <div
              className="cart-amount-container"
            >
              <p
                className="cart-total-amount"
              >
                0
              </p>
            </div>
          </div>
        </div>
      </nav>
    </Navbar>
    <CartContainer>
      <section
        className="cart"
      >
        <header>
          <h2>
            Your Bag
          </h2>
        </header>
        <header>
          <h4
            style={
              Object {
                "margin": "auto",
                "width": "28%",
              }
            }
          >
            Is Currently Empty
          </h4>
        </header>
      </section>
    </CartContainer>
  </main>
</Cart>
`;
