// Jest Snapshot v1, https://goo.gl/fbAQLP

exports[`First components test renders the default set of components correctly 1`] = `
<div>
  <h1>
    My very first component
  </h1>
  <h2>
    My second component
  </h2>
  <p>
    My name is 
    Anonymous
  </p>
</div>
`;
