// Jest Snapshot v1, https://goo.gl/fbAQLP

exports[`ResumeTabs tests matches the snapshot 1`] = `
<section
  className="tab-section"
>
  <div
    className="tab-title"
  >
    <h2>
      Professional Experience
    </h2>
    <div
      className="tab-underline"
    />
    <div
      className="tab-job-center"
    >
      <div
        className="tab-btn-container"
      >
        <button
          className="tab-job-btn tab-active-btn"
          key="0"
          onClick={[Function]}
        >
          Software Developer Intern
        </button>
        <button
          className="tab-job-btn "
          key="1"
          onClick={[Function]}
        >
          Software Developer Intern
        </button>
        <button
          className="tab-job-btn "
          key="2"
          onClick={[Function]}
        >
          Waitress/Cashier
        </button>
        <button
          className="tab-job-btn "
          key="3"
          onClick={[Function]}
        >
          Garden Cashier (present)
        </button>
      </div>
      <article
        className="tab-job-info"
      >
        <h3>
          Software Developer Intern
        </h3>
        <h4>
          Faithlife
        </h4>
        <p
          className="tab-job-date"
        >
          October 2019 - January 2020
        </p>
        <div
          className="tab-job-desc"
          key="0"
        >
          <FaAngleDoubleRight
            className="tab-job-icon"
          />
          <p
            className="tab-job-duty"
          >
            Using GIT.
          </p>
        </div>
        <div
          className="tab-job-desc"
          key="1"
        >
          <FaAngleDoubleRight
            className="tab-job-icon"
          />
          <p
            className="tab-job-duty"
          >
            Learning ReactJS.
          </p>
        </div>
        <div
          className="tab-job-desc"
          key="2"
        >
          <FaAngleDoubleRight
            className="tab-job-icon"
          />
          <p
            className="tab-job-duty"
          >
            Learning to improve user interactions with React hooks
          </p>
        </div>
        <div
          className="tab-job-desc"
          key="3"
        >
          <FaAngleDoubleRight
            className="tab-job-icon"
          />
          <p
            className="tab-job-duty"
          >
            Worked on media editor features, including a QR Code menu, adding shortcuts, and modifying a color picker.
          </p>
        </div>
      </article>
    </div>
  </div>
</section>
`;
