// Jest Snapshot v1, https://goo.gl/fbAQLP

exports[`Reviews Tests matches the snapshot 1`] = `
<main
  className="reviews-main"
>
  <section
    className="reviews-section"
  >
    <div
      className="reviews-title"
    >
      <h2>
        Our Reviews
      </h2>
      <div
        className="reviews-underline"
      />
    </div>
    <div
      className="reviews-container review"
    >
      <div
        className="reviews-img-container"
      >
        <img
          alt="susan smith"
          className="reviews-person-img"
          src="https://res.cloudinary.com/diqqf3eq2/image/upload/v1586883334/person-1_rfzshl.jpg"
        />
        <div
          className="reviews-quote-icon"
        >
          <FaQuoteRight />
        </div>
      </div>
      <div
        className="reviews-author"
      >
        <h4>
          susan smith
        </h4>
      </div>
      <div
        className="reviews-job"
      >
        web developer
      </div>
      <div
        className="reviews-info"
      >
        I'm baby meggings twee health goth +1. Bicycle rights tumeric chartreuse before they sold out chambray pop-up. Shaman humblebrag pickled coloring book salvia hoodie, cold-pressed four dollar toast everyday carry
      </div>
      <span>
        <button
          className="reviews-prev-btn"
          onClick={[Function]}
        >
          <FaChevronLeft />
        </button>
        <button
          className="reviews-next-btn"
          onClick={[Function]}
        >
          <FaChevronRight />
        </button>
      </span>
      <div>
        <button
          className="reviews-random-btn"
          onClick={[Function]}
        >
          Random Review
        </button>
      </div>
    </div>
  </section>
</main>
`;
